// Не выходит из акаунта если refresh token просрочен
// Поправить State management в  Appointment Screen